Godot Engine v4.7.2.stable.official.ed1daf0bf - https://godotengine.org
WARNING: Could not set V-Sync mode, as changing V-Sync mode is not supported by the graphics driver.
     at: set_use_vsync (platform/linuxbsd/x11/gl_manager_x11.cpp:372)
OpenGL API 4.5 (Core Profile) Mesa 25.2.8-0ubuntu0.24.04.2 - Compatibility - Using Device: Mesa - llvmpipe (LLVM 20.1.2, 256 bits)

WARNING: Trying to play stream (-9223371691462227914) as a sample (-9223371988217625088), but the driver doesn't support sample playback.
     at: start_sample_playback (servers/audio/audio_server.cpp:200)
     GDScript backtrace (most recent call first):
         [0] _start_music_track (res://scripts/audio/audio_director.gd:295)
         [1] _start_ambience (res://scripts/audio/audio_director.gd:286)
         [2] _play (res://scripts/audio/audio_director.gd:352)
         [3] play_ui (res://scripts/audio/audio_director.gd:204)
         [4] _open_start_menu (res://scripts/main.gd:1336)
         [5] open_goal (res://scripts/ui/treasury_goal_panel.gd:245)
         [6] _command (res://scripts/qa/suites/skills_browser_review.gd:138)
         [7] run (/workspace/scratch/72d2364e7fd1/quality2/fixture-preflight.gd:22)
         [8] settle (/workspace/scratch/72d2364e7fd1/quality2/fixture-preflight.gd:7)
WARNING: Trying to play stream (-9223371691395117243) as a sample (-9223371988335065607), but the driver doesn't support sample playback.
     at: start_sample_playback (servers/audio/audio_server.cpp:200)
     GDScript backtrace (most recent call first):
         [0] _play (res://scripts/audio/audio_director.gd:361)
         [1] play_ui (res://scripts/audio/audio_director.gd:204)
         [2] _open_start_menu (res://scripts/main.gd:1336)
         [3] open_goal (res://scripts/ui/treasury_goal_panel.gd:245)
         [4] _command (res://scripts/qa/suites/skills_browser_review.gd:138)
         [5] run (/workspace/scratch/72d2364e7fd1/quality2/fixture-preflight.gd:22)
         [6] settle (/workspace/scratch/72d2364e7fd1/quality2/fixture-preflight.gd:7)
WARNING: Trying to play stream (-9223371689079861698) as a sample (-9223371988251179522), but the driver doesn't support sample playback.
     at: start_sample_playback (servers/audio/audio_server.cpp:200)
     GDScript backtrace (most recent call first):
         [0] _play (res://scripts/audio/audio_director.gd:361)
         [1] play_discovery (res://scripts/audio/audio_director.gd:224)
         [2] _on_achievement_unlocked (res://scripts/main.gd:4062)
         [3] evaluate (res://scripts/progression/achievement_service.gd:80)
         [4] _flush_queued_evaluation (res://scripts/progression/achievement_service.gd:101)
WARNING: Trying to play stream (-9223371688492658910) as a sample (-9223371988368620041), but the driver doesn't support sample playback.
     at: start_sample_playback (servers/audio/audio_server.cpp:200)
     GDScript backtrace (most recent call first):
         [0] _play (res://scripts/audio/audio_director.gd:361)
         [1] play_ui (res://scripts/audio/audio_director.gd:206)
         [2] _continue_from_menu (res://scripts/main.gd:1397)
         [3] close_panel (res://scripts/ui/treasury_goal_panel.gd:325)
         [4] run (/workspace/scratch/72d2364e7fd1/quality2/fixture-preflight.gd:25)
         [5] settle (/workspace/scratch/72d2364e7fd1/quality2/fixture-preflight.gd:7)
QUALITY2_FIXTURE_SCENARIO source
QUALITY2_FIXTURE_SCENARIO deep-source
QUALITY2_FIXTURE_SCENARIO return
QUALITY2_FIXTURE_SCENARIO hub-donation
QUALITY2_FIXTURE_SCENARIO donation
QUALITY2_FIXTURE_SCENARIO podium
WARNING: Trying to play stream (-9223371615343995387) as a sample (-9223371988536392211), but the driver doesn't support sample playback.
     at: start_sample_playback (servers/audio/audio_server.cpp:200)
     GDScript backtrace (most recent call first):
         [0] _play (res://scripts/audio/audio_director.gd:361)
         [1] play_mining (res://scripts/audio/audio_director.gd:178)
         [2] _strike_wall (res://scripts/world/endless_descent_world.gd:3669)
         [3] _quality2_route_fixture (res://scripts/qa/suites/skills_browser_review.gd:106)
         [4] _command (res://scripts/qa/suites/skills_browser_review.gd:159)
         [5] run (/workspace/scratch/72d2364e7fd1/quality2/fixture-preflight.gd:27)
         [6] settle (/workspace/scratch/72d2364e7fd1/quality2/fixture-preflight.gd:7)
WARNING: Trying to play stream (-9223371611938220813) as a sample (-9223371988251179522), but the driver doesn't support sample playback.
     at: start_sample_playback (servers/audio/audio_server.cpp:200)
     GDScript backtrace (most recent call first):
         [0] _play (res://scripts/audio/audio_director.gd:361)
         [1] play_discovery (res://scripts/audio/audio_director.gd:224)
         [2] _on_endless_discovery_found (res://scripts/main.gd:3231)
         [3] _update_discoveries (res://scripts/world/endless_descent_world.gd:1827)
         [4] _process (res://scripts/world/endless_descent_world.gd:576)
QUALITY2_FIXTURE_SCENARIO rune
QUALITY2_FIXTURE_SCENARIO cancel-rune
WARNING: Trying to play stream (-9223371597711141916) as a sample (-9223371988251179522), but the driver doesn't support sample playback.
     at: start_sample_playback (servers/audio/audio_server.cpp:200)
     GDScript backtrace (most recent call first):
         [0] _play (res://scripts/audio/audio_director.gd:361)
         [1] play_discovery (res://scripts/audio/audio_director.gd:224)
         [2] _on_achievement_unlocked (res://scripts/main.gd:4062)
         [3] _command (res://scripts/qa/suites/skills_browser_review.gd:202)
         [4] run (/workspace/scratch/72d2364e7fd1/quality2/fixture-preflight.gd:34)
         [5] settle (/workspace/scratch/72d2364e7fd1/quality2/fixture-preflight.gd:7)
QUALITY2_FIXTURE_RUNTIME_OK
