Godot Engine v4.7.2.stable.official.ed1daf0bf - https://godotengine.org
WARNING: Could not set V-Sync mode, as changing V-Sync mode is not supported by the graphics driver.
     at: set_use_vsync (platform/linuxbsd/x11/gl_manager_x11.cpp:372)
OpenGL API 4.5 (Core Profile) Mesa 25.2.8-0ubuntu0.24.04.2 - Compatibility - Using Device: Mesa - llvmpipe (LLVM 20.1.2, 256 bits)

WARNING: Trying to play stream (-9223371733690478793) as a sample (-9223371993250789889), but the driver doesn't support sample playback.
     at: start_sample_playback (servers/audio/audio_server.cpp:200)
     GDScript backtrace (most recent call first):
         [0] _start_music_track (res://scripts/audio/audio_director.gd:295)
         [1] _start_ambience (res://scripts/audio/audio_director.gd:286)
         [2] _play (res://scripts/audio/audio_director.gd:352)
         [3] play_ui (res://scripts/audio/audio_director.gd:204)
         [4] _open_start_menu (res://scripts/main.gd:1259)
         [5] _open_miner_skills (res://scripts/main.gd:4325)
         [6] run (/workspace/scratch/72d2364e7fd1/ux-ui-review/achievement-focus.gd:22)
WARNING: Trying to play stream (-9223371733623369927) as a sample (-9223371993368230408), but the driver doesn't support sample playback.
     at: start_sample_playback (servers/audio/audio_server.cpp:200)
     GDScript backtrace (most recent call first):
         [0] _play (res://scripts/audio/audio_director.gd:361)
         [1] play_ui (res://scripts/audio/audio_director.gd:204)
         [2] _open_start_menu (res://scripts/main.gd:1259)
         [3] _open_miner_skills (res://scripts/main.gd:4325)
         [4] run (/workspace/scratch/72d2364e7fd1/ux-ui-review/achievement-focus.gd:22)
WARNING: The draw_rect() "width" argument has no effect when "filled" is "true".
     at: draw_rect (scene/main/canvas_item.cpp:925)
     GDScript backtrace (most recent call first):
         [0] _draw_navigation_legend (res://scripts/ui/minimap_overlay.gd:306)
         [1] _draw_legend (res://scripts/ui/minimap_overlay.gd:215)
         [2] _draw (res://scripts/ui/minimap_overlay.gd:138)
WARNING: The draw_rect() "width" argument has no effect when "filled" is "true".
     at: draw_rect (scene/main/canvas_item.cpp:925)
     GDScript backtrace (most recent call first):
         [0] _draw_navigation_legend (res://scripts/ui/minimap_overlay.gd:306)
         [1] _draw_legend (res://scripts/ui/minimap_overlay.gd:215)
         [2] _draw (res://scripts/ui/minimap_overlay.gd:138)
WARNING: Trying to play stream (-9223371731995980003) as a sample (-9223371993401784842), but the driver doesn't support sample playback.
     at: start_sample_playback (servers/audio/audio_server.cpp:200)
     GDScript backtrace (most recent call first):
         [0] _play (res://scripts/audio/audio_director.gd:361)
         [1] play_ui (res://scripts/audio/audio_director.gd:206)
         [2] _continue_from_menu (res://scripts/main.gd:1320)
         [3] _close_miner_skills (res://scripts/main.gd:4333)
         [4] run (/workspace/scratch/72d2364e7fd1/ux-ui-review/achievement-focus.gd:25)
         [5] capture (/workspace/scratch/72d2364e7fd1/ux-ui-review/achievement-focus.gd:9)
WARNING: Trying to play stream (-9223371730922238178) as a sample (-9223371993284344323), but the driver doesn't support sample playback.
     at: start_sample_playback (servers/audio/audio_server.cpp:200)
     GDScript backtrace (most recent call first):
         [0] _play (res://scripts/audio/audio_director.gd:361)
         [1] play_discovery (res://scripts/audio/audio_director.gd:224)
         [2] _on_achievement_unlocked (res://scripts/main.gd:3979)
         [3] evaluate (res://scripts/progression/achievement_service.gd:74)
         [4] show_achievements (res://scripts/ui/premium_menu.gd:711)
         [5] run (/workspace/scratch/72d2364e7fd1/ux-ui-review/achievement-focus.gd:27)
         [6] capture (/workspace/scratch/72d2364e7fd1/ux-ui-review/achievement-focus.gd:9)
WARNING: Trying to play stream (-9223371656548838858) as a sample (-9223371993385007625), but the driver doesn't support sample playback.
     at: start_sample_playback (servers/audio/audio_server.cpp:200)
     GDScript backtrace (most recent call first):
         [0] _play (res://scripts/audio/audio_director.gd:361)
         [1] play_ui (res://scripts/audio/audio_director.gd:202)
         [2] navigate_back (res://scripts/ui/premium_menu.gd:136)
         [3] run (/workspace/scratch/72d2364e7fd1/ux-ui-review/achievement-focus.gd:41)
UX_FOCUS_MATRIX_OK
