Godot Engine v4.7.2.stable.official.ed1daf0bf - https://godotengine.org
WARNING: Could not set V-Sync mode, as changing V-Sync mode is not supported by the graphics driver.
     at: set_use_vsync (platform/linuxbsd/x11/gl_manager_x11.cpp:372)
OpenGL API 4.5 (Core Profile) Mesa 25.2.8-0ubuntu0.24.04.2 - Compatibility - Using Device: Mesa - llvmpipe (LLVM 20.1.2, 256 bits)

WARNING: Trying to play stream (-9223371722248417348) as a sample (-9223371988217625088), but the driver doesn't support sample playback.
     at: start_sample_playback (servers/audio/audio_server.cpp:200)
     GDScript backtrace (most recent call first):
         [0] _start_music_track (res://scripts/audio/audio_director.gd:295)
         [1] _start_ambience (res://scripts/audio/audio_director.gd:286)
         [2] _play (res://scripts/audio/audio_director.gd:352)
         [3] play_transition (res://scripts/audio/audio_director.gd:220)
         [4] _enter_deepheart (res://scripts/main.gd:3008)
         [5] run (/workspace/scratch/72d2364e7fd1/game/tools/review_deepheart_goal.gd:80)
WARNING: Trying to play stream (-9223371722181308482) as a sample (-9223371988267956739), but the driver doesn't support sample playback.
     at: start_sample_playback (servers/audio/audio_server.cpp:200)
     GDScript backtrace (most recent call first):
         [0] _play (res://scripts/audio/audio_director.gd:361)
         [1] play_transition (res://scripts/audio/audio_director.gd:220)
         [2] _enter_deepheart (res://scripts/main.gd:3008)
         [3] run (/workspace/scratch/72d2364e7fd1/game/tools/review_deepheart_goal.gd:80)
WARNING: Trying to play stream (-9223371719564062772) as a sample (-9223371988251179522), but the driver doesn't support sample playback.
     at: start_sample_playback (servers/audio/audio_server.cpp:200)
     GDScript backtrace (most recent call first):
         [0] _play (res://scripts/audio/audio_director.gd:361)
         [1] play_discovery (res://scripts/audio/audio_director.gd:224)
         [2] _on_achievement_unlocked (res://scripts/main.gd:4062)
         [3] evaluate (res://scripts/progression/achievement_service.gd:80)
         [4] _flush_queued_evaluation (res://scripts/progression/achievement_service.gd:101)
WARNING: Trying to play stream (-9223371718137999399) as a sample (-9223371988267956739), but the driver doesn't support sample playback.
     at: start_sample_playback (servers/audio/audio_server.cpp:200)
     GDScript backtrace (most recent call first):
         [0] _play (res://scripts/audio/audio_director.gd:361)
         [1] play_transition (res://scripts/audio/audio_director.gd:220)
         [2] _exit_deepheart (res://scripts/main.gd:3033)
         [3] run (/workspace/scratch/72d2364e7fd1/game/tools/review_deepheart_goal.gd:109)
         [4] take_sample (/workspace/scratch/72d2364e7fd1/game/tools/review_deepheart_goal.gd:43)
DEEPHEART_GOAL_REFERENCE_REPRODUCED
WARNING: Trying to play stream (-9223371717315915920) as a sample (-9223371988251179522), but the driver doesn't support sample playback.
     at: start_sample_playback (servers/audio/audio_server.cpp:200)
     GDScript backtrace (most recent call first):
         [0] _play (res://scripts/audio/audio_director.gd:361)
         [1] play_discovery (res://scripts/audio/audio_director.gd:224)
         [2] _on_achievement_unlocked (res://scripts/main.gd:4062)
         [3] evaluate (res://scripts/progression/achievement_service.gd:80)
         [4] _flush_queued_evaluation (res://scripts/progression/achievement_service.gd:101)
