Godot Engine v4.7.2.stable.official.ed1daf0bf - https://godotengine.org
WARNING: Could not set V-Sync mode, as changing V-Sync mode is not supported by the graphics driver.
     at: set_use_vsync (platform/linuxbsd/x11/gl_manager_x11.cpp:372)
OpenGL API 4.5 (Core Profile) Mesa 25.2.8-0ubuntu0.24.04.2 - Compatibility - Using Device: Mesa - llvmpipe (LLVM 20.1.2, 256 bits)

WARNING: Trying to play stream (-9223371732918728651) as a sample (-9223371993250789889), but the driver doesn't support sample playback.
     at: start_sample_playback (servers/audio/audio_server.cpp:200)
     GDScript backtrace (most recent call first):
         [0] _start_music_track (res://scripts/audio/audio_director.gd:295)
         [1] _start_ambience (res://scripts/audio/audio_director.gd:286)
         [2] _play (res://scripts/audio/audio_director.gd:352)
         [3] play_ui (res://scripts/audio/audio_director.gd:204)
         [4] _open_commerce (res://scripts/main.gd:2036)
         [5] _open_forge_commerce (res://scripts/main.gd:2135)
         [6] run (/workspace/scratch/72d2364e7fd1/game/tools/review_commerce_text_fit.gd:45)
         [7] settle (/workspace/scratch/72d2364e7fd1/game/tools/review_commerce_text_fit.gd:10)
WARNING: Trying to play stream (-9223371732851617989) as a sample (-9223371993368230408), but the driver doesn't support sample playback.
     at: start_sample_playback (servers/audio/audio_server.cpp:200)
     GDScript backtrace (most recent call first):
         [0] _play (res://scripts/audio/audio_director.gd:361)
         [1] play_ui (res://scripts/audio/audio_director.gd:204)
         [2] _open_commerce (res://scripts/main.gd:2036)
         [3] _open_forge_commerce (res://scripts/main.gd:2135)
         [4] run (/workspace/scratch/72d2364e7fd1/game/tools/review_commerce_text_fit.gd:45)
         [5] settle (/workspace/scratch/72d2364e7fd1/game/tools/review_commerce_text_fit.gd:10)
WARNING: Trying to play stream (-9223371728808308960) as a sample (-9223371993284344323), but the driver doesn't support sample playback.
     at: start_sample_playback (servers/audio/audio_server.cpp:200)
     GDScript backtrace (most recent call first):
         [0] _play (res://scripts/audio/audio_director.gd:361)
         [1] play_discovery (res://scripts/audio/audio_director.gd:224)
         [2] _on_achievement_unlocked (res://scripts/main.gd:3972)
         [3] evaluate (res://scripts/progression/achievement_service.gd:74)
         [4] _flush_queued_evaluation (res://scripts/progression/achievement_service.gd:91)
WARNING: Trying to play stream (-9223371728153997539) as a sample (-9223371993385007625), but the driver doesn't support sample playback.
     at: start_sample_playback (servers/audio/audio_server.cpp:200)
     GDScript backtrace (most recent call first):
         [0] _play (res://scripts/audio/audio_director.gd:361)
         [1] play_ui (res://scripts/audio/audio_director.gd:202)
         [2] _on_commerce_closed (res://scripts/main.gd:2060)
         [3] close_commerce (res://scripts/ui/commerce_panel.gd:332)
         [4] inspect (/workspace/scratch/72d2364e7fd1/game/tools/review_commerce_text_fit.gd:28)
         [5] settle (/workspace/scratch/72d2364e7fd1/game/tools/review_commerce_text_fit.gd:10)
WARNING: Trying to play stream (-9223371727852007605) as a sample (-9223371993368230408), but the driver doesn't support sample playback.
     at: start_sample_playback (servers/audio/audio_server.cpp:200)
     GDScript backtrace (most recent call first):
         [0] _play (res://scripts/audio/audio_director.gd:361)
         [1] play_ui (res://scripts/audio/audio_director.gd:204)
         [2] _open_commerce (res://scripts/main.gd:2036)
         [3] _open_starforge_commerce (res://scripts/main.gd:2143)
         [4] run (/workspace/scratch/72d2364e7fd1/game/tools/review_commerce_text_fit.gd:47)
         [5] inspect (/workspace/scratch/72d2364e7fd1/game/tools/review_commerce_text_fit.gd:30)
         [6] settle (/workspace/scratch/72d2364e7fd1/game/tools/review_commerce_text_fit.gd:10)
WARNING: Trying to play stream (-9223371724463009850) as a sample (-9223371993385007625), but the driver doesn't support sample playback.
     at: start_sample_playback (servers/audio/audio_server.cpp:200)
     GDScript backtrace (most recent call first):
         [0] _play (res://scripts/audio/audio_director.gd:361)
         [1] play_ui (res://scripts/audio/audio_director.gd:202)
         [2] _on_commerce_closed (res://scripts/main.gd:2060)
         [3] close_commerce (res://scripts/ui/commerce_panel.gd:332)
         [4] inspect (/workspace/scratch/72d2364e7fd1/game/tools/review_commerce_text_fit.gd:28)
         [5] settle (/workspace/scratch/72d2364e7fd1/game/tools/review_commerce_text_fit.gd:10)
WARNING: Trying to play stream (-9223371718087667962) as a sample (-9223371993418562059), but the driver doesn't support sample playback.
     at: start_sample_playback (servers/audio/audio_server.cpp:200)
     GDScript backtrace (most recent call first):
         [0] _play (res://scripts/audio/audio_director.gd:361)
         [1] play_ui (res://scripts/audio/audio_director.gd:204)
         [2] _open_commerce (res://scripts/main.gd:2036)
         [3] run (/workspace/scratch/72d2364e7fd1/game/tools/review_commerce_text_fit.gd:50)
         [4] inspect (/workspace/scratch/72d2364e7fd1/game/tools/review_commerce_text_fit.gd:30)
         [5] settle (/workspace/scratch/72d2364e7fd1/game/tools/review_commerce_text_fit.gd:10)
WARNING: Trying to play stream (-9223371711745880273) as a sample (-9223371993385007625), but the driver doesn't support sample playback.
     at: start_sample_playback (servers/audio/audio_server.cpp:200)
     GDScript backtrace (most recent call first):
         [0] _play (res://scripts/audio/audio_director.gd:361)
         [1] play_ui (res://scripts/audio/audio_director.gd:202)
         [2] _on_commerce_closed (res://scripts/main.gd:2060)
         [3] close_commerce (res://scripts/ui/commerce_panel.gd:332)
         [4] inspect (/workspace/scratch/72d2364e7fd1/game/tools/review_commerce_text_fit.gd:28)
         [5] settle (/workspace/scratch/72d2364e7fd1/game/tools/review_commerce_text_fit.gd:10)
WARNING: Trying to play stream (-9223371710269484892) as a sample (-9223371993418562059), but the driver doesn't support sample playback.
     at: start_sample_playback (servers/audio/audio_server.cpp:200)
     GDScript backtrace (most recent call first):
         [0] _play (res://scripts/audio/audio_director.gd:361)
         [1] play_ui (res://scripts/audio/audio_director.gd:204)
         [2] _open_commerce (res://scripts/main.gd:2036)
         [3] run (/workspace/scratch/72d2364e7fd1/game/tools/review_commerce_text_fit.gd:56)
         [4] inspect (/workspace/scratch/72d2364e7fd1/game/tools/review_commerce_text_fit.gd:30)
         [5] settle (/workspace/scratch/72d2364e7fd1/game/tools/review_commerce_text_fit.gd:10)
WARNING: Trying to play stream (-9223371700052159990) as a sample (-9223371993284344323), but the driver doesn't support sample playback.
     at: start_sample_playback (servers/audio/audio_server.cpp:200)
     GDScript backtrace (most recent call first):
         [0] _play (res://scripts/audio/audio_director.gd:361)
         [1] play_discovery (res://scripts/audio/audio_director.gd:224)
         [2] _on_achievement_unlocked (res://scripts/main.gd:3972)
         [3] evaluate (res://scripts/progression/achievement_service.gd:74)
         [4] _flush_queued_evaluation (res://scripts/progression/achievement_service.gd:91)
WARNING: Trying to play stream (-9223371699498511899) as a sample (-9223371993435339276), but the driver doesn't support sample playback.
     at: start_sample_playback (servers/audio/audio_server.cpp:200)
     GDScript backtrace (most recent call first):
         [0] _play (res://scripts/audio/audio_director.gd:361)
         [1] play_ui (res://scripts/audio/audio_director.gd:202)
         [2] _on_commerce_closed (res://scripts/main.gd:2060)
         [3] close_commerce (res://scripts/ui/commerce_panel.gd:332)
         [4] inspect (/workspace/scratch/72d2364e7fd1/game/tools/review_commerce_text_fit.gd:28)
         [5] settle (/workspace/scratch/72d2364e7fd1/game/tools/review_commerce_text_fit.gd:10)
WARNING: Trying to play stream (-9223371699112636000) as a sample (-9223371993368230408), but the driver doesn't support sample playback.
     at: start_sample_playback (servers/audio/audio_server.cpp:200)
     GDScript backtrace (most recent call first):
         [0] _play (res://scripts/audio/audio_director.gd:361)
         [1] play_ui (res://scripts/audio/audio_director.gd:204)
         [2] _open_commerce (res://scripts/main.gd:2036)
         [3] run (/workspace/scratch/72d2364e7fd1/game/tools/review_commerce_text_fit.gd:56)
         [4] inspect (/workspace/scratch/72d2364e7fd1/game/tools/review_commerce_text_fit.gd:30)
         [5] settle (/workspace/scratch/72d2364e7fd1/game/tools/review_commerce_text_fit.gd:10)
WARNING: Trying to play stream (-9223371691579665944) as a sample (-9223371993435339276), but the driver doesn't support sample playback.
     at: start_sample_playback (servers/audio/audio_server.cpp:200)
     GDScript backtrace (most recent call first):
         [0] _play (res://scripts/audio/audio_director.gd:361)
         [1] play_ui (res://scripts/audio/audio_director.gd:202)
         [2] _on_commerce_closed (res://scripts/main.gd:2060)
         [3] close_commerce (res://scripts/ui/commerce_panel.gd:332)
         [4] inspect (/workspace/scratch/72d2364e7fd1/game/tools/review_commerce_text_fit.gd:28)
         [5] settle (/workspace/scratch/72d2364e7fd1/game/tools/review_commerce_text_fit.gd:10)
WARNING: Trying to play stream (-9223371691160235833) as a sample (-9223371993418562059), but the driver doesn't support sample playback.
     at: start_sample_playback (servers/audio/audio_server.cpp:200)
     GDScript backtrace (most recent call first):
         [0] _play (res://scripts/audio/audio_director.gd:361)
         [1] play_ui (res://scripts/audio/audio_director.gd:204)
         [2] _open_commerce (res://scripts/main.gd:2036)
         [3] run (/workspace/scratch/72d2364e7fd1/game/tools/review_commerce_text_fit.gd:56)
         [4] inspect (/workspace/scratch/72d2364e7fd1/game/tools/review_commerce_text_fit.gd:30)
         [5] settle (/workspace/scratch/72d2364e7fd1/game/tools/review_commerce_text_fit.gd:10)
WARNING: Trying to play stream (-9223371687335030348) as a sample (-9223371993385007625), but the driver doesn't support sample playback.
     at: start_sample_playback (servers/audio/audio_server.cpp:200)
     GDScript backtrace (most recent call first):
         [0] _play (res://scripts/audio/audio_director.gd:361)
         [1] play_ui (res://scripts/audio/audio_director.gd:202)
         [2] _on_commerce_closed (res://scripts/main.gd:2060)
         [3] close_commerce (res://scripts/ui/commerce_panel.gd:332)
         [4] inspect (/workspace/scratch/72d2364e7fd1/game/tools/review_commerce_text_fit.gd:28)
         [5] settle (/workspace/scratch/72d2364e7fd1/game/tools/review_commerce_text_fit.gd:10)
WARNING: Trying to play stream (-9223371686965931796) as a sample (-9223371993368230408), but the driver doesn't support sample playback.
     at: start_sample_playback (servers/audio/audio_server.cpp:200)
     GDScript backtrace (most recent call first):
         [0] _play (res://scripts/audio/audio_director.gd:361)
         [1] play_ui (res://scripts/audio/audio_director.gd:204)
         [2] _open_commerce (res://scripts/main.gd:2036)
         [3] run (/workspace/scratch/72d2364e7fd1/game/tools/review_commerce_text_fit.gd:56)
         [4] inspect (/workspace/scratch/72d2364e7fd1/game/tools/review_commerce_text_fit.gd:30)
         [5] settle (/workspace/scratch/72d2364e7fd1/game/tools/review_commerce_text_fit.gd:10)
WARNING: Trying to play stream (-9223371685405652936) as a sample (-9223371993435339276), but the driver doesn't support sample playback.
     at: start_sample_playback (servers/audio/audio_server.cpp:200)
     GDScript backtrace (most recent call first):
         [0] _play (res://scripts/audio/audio_director.gd:361)
         [1] play_ui (res://scripts/audio/audio_director.gd:202)
         [2] _on_commerce_closed (res://scripts/main.gd:2060)
         [3] close_commerce (res://scripts/ui/commerce_panel.gd:332)
         [4] inspect (/workspace/scratch/72d2364e7fd1/game/tools/review_commerce_text_fit.gd:28)
         [5] settle (/workspace/scratch/72d2364e7fd1/game/tools/review_commerce_text_fit.gd:10)
WARNING: Trying to play stream (-9223371684818448161) as a sample (-9223371993368230408), but the driver doesn't support sample playback.
     at: start_sample_playback (servers/audio/audio_server.cpp:200)
     GDScript backtrace (most recent call first):
         [0] _play (res://scripts/audio/audio_director.gd:361)
         [1] play_ui (res://scripts/audio/audio_director.gd:204)
         [2] _open_commerce (res://scripts/main.gd:2036)
         [3] run (/workspace/scratch/72d2364e7fd1/game/tools/review_commerce_text_fit.gd:60)
         [4] inspect (/workspace/scratch/72d2364e7fd1/game/tools/review_commerce_text_fit.gd:30)
         [5] settle (/workspace/scratch/72d2364e7fd1/game/tools/review_commerce_text_fit.gd:10)
WARNING: Trying to play stream (-9223371678426328677) as a sample (-9223371993385007625), but the driver doesn't support sample playback.
     at: start_sample_playback (servers/audio/audio_server.cpp:200)
     GDScript backtrace (most recent call first):
         [0] _play (res://scripts/audio/audio_director.gd:361)
         [1] play_ui (res://scripts/audio/audio_director.gd:202)
         [2] _on_commerce_closed (res://scripts/main.gd:2060)
         [3] close_commerce (res://scripts/ui/commerce_panel.gd:332)
         [4] inspect (/workspace/scratch/72d2364e7fd1/game/tools/review_commerce_text_fit.gd:28)
         [5] settle (/workspace/scratch/72d2364e7fd1/game/tools/review_commerce_text_fit.gd:10)
COMMERCE_TEXT_FIT_OK
