QUALITY2_FETCH index.pck attempt 1
.QUALITY2_FETCH index.pck attempt 1
QUALITY2_FETCH_RETRY index.pck TimeoutError
QUALITY2_FETCH index.pck attempt 2
QUALITY2_FETCH_RETRY index.pck TimeoutError
QUALITY2_FETCH index.pck attempt 3
QUALITY2_FETCH_RETRY index.pck TimeoutError
.QUALITY2_FETCH index.pck attempt 1
QUALITY2_FETCH_RETRY index.pck TimeoutError
QUALITY2_FETCH index.pck attempt 2
QUALITY2_FETCH_VERIFIED index.pck
QUALITY2_FETCH index.pck attempt 1
QUALITY2_FETCH_RETRY index.pck HTTPError
QUALITY2_FETCH index.pck attempt 2
QUALITY2_FETCH_VERIFIED index.pck
.QUALITY2_FETCH index.pck attempt 1
.
----------------------------------------------------------------------
Ran 4 tests in 0.004s

OK
