Godot Engine v4.7.2.stable.official.ed1daf0bf - https://godotengine.org
WARNING: Could not set V-Sync mode, as changing V-Sync mode is not supported by the graphics driver.
     at: set_use_vsync (platform/linuxbsd/x11/gl_manager_x11.cpp:372)
OpenGL API 4.5 (Core Profile) Mesa 25.2.8-0ubuntu0.24.04.2 - Compatibility - Using Device: Mesa - llvmpipe (LLVM 20.1.2, 256 bits)

EVER_DEEPER_HERO_STATE {"direction":"right","endless_outfit_style":"miner","endless_tool_style":"original","frame":0,"gear":"worn","hit_phase":0.36,"native_phase":0.0,"native_two_handed":true,"pickaxe_level":1,"textures_loaded":8}
WARNING: Trying to play stream (-9223371805262082746) as a sample (-9223371805312414397), but the driver doesn't support sample playback.
     at: start_sample_playback (servers/audio/audio_server.cpp:200)
     GDScript backtrace (most recent call first):
         [0] _start_music_track (res://scripts/audio/audio_director.gd:282)
         [1] _start_ambience (res://scripts/audio/audio_director.gd:271)
         [2] _play (res://scripts/audio/audio_director.gd:339)
         [3] play_discovery (res://scripts/audio/audio_director.gd:221)
         [4] _on_achievement_unlocked (res://scripts/main.gd:3858)
         [5] evaluate (res://scripts/progression/achievement_service.gd:74)
         [6] _flush_queued_evaluation (res://scripts/progression/achievement_service.gd:91)
WARNING: Trying to play stream (-9223371805194973880) as a sample (-9223372002310486538), but the driver doesn't support sample playback.
     at: start_sample_playback (servers/audio/audio_server.cpp:200)
     GDScript backtrace (most recent call first):
         [0] _play (res://scripts/audio/audio_director.gd:348)
         [1] play_discovery (res://scripts/audio/audio_director.gd:221)
         [2] _on_achievement_unlocked (res://scripts/main.gd:3858)
         [3] evaluate (res://scripts/progression/achievement_service.gd:74)
         [4] _flush_queued_evaluation (res://scripts/progression/achievement_service.gd:91)
EVER_DEEPER_HERO_STATE {"direction":"up","endless_outfit_style":"miner","endless_tool_style":"original","frame":0,"gear":"worn","hit_phase":0.36,"native_phase":0.0,"native_two_handed":true,"pickaxe_level":1,"textures_loaded":8}
EVER_DEEPER_HERO_STATE {"direction":"right","endless_outfit_style":"miner","endless_tool_style":"original","frame":0,"gear":"worn","hit_phase":0.36,"native_phase":0.0,"native_two_handed":true,"pickaxe_level":1,"textures_loaded":8}
WARNING: Trying to play stream (-9223371796202386078) as a sample (-9223372002310486538), but the driver doesn't support sample playback.
     at: start_sample_playback (servers/audio/audio_server.cpp:200)
     GDScript backtrace (most recent call first):
         [0] _play (res://scripts/audio/audio_director.gd:348)
         [1] play_discovery (res://scripts/audio/audio_director.gd:221)
         [2] _on_achievement_unlocked (res://scripts/main.gd:3858)
         [3] evaluate (res://scripts/progression/achievement_service.gd:74)
         [4] _flush_queued_evaluation (res://scripts/progression/achievement_service.gd:91)
EVER_DEEPER_HERO_STATE {"direction":"up","endless_outfit_style":"miner","endless_tool_style":"original","frame":0,"gear":"worn","hit_phase":0.36,"native_phase":0.0,"native_two_handed":true,"pickaxe_level":1,"textures_loaded":8}
EVER_DEEPER_HERO_STATE {"direction":"right","endless_outfit_style":"miner","endless_tool_style":"original","frame":0,"gear":"worn","hit_phase":0.36,"native_phase":0.0,"native_two_handed":true,"pickaxe_level":1,"textures_loaded":8}
WARNING: Trying to play stream (-9223371787729892141) as a sample (-9223372002310486538), but the driver doesn't support sample playback.
     at: start_sample_playback (servers/audio/audio_server.cpp:200)
     GDScript backtrace (most recent call first):
         [0] _play (res://scripts/audio/audio_director.gd:348)
         [1] play_discovery (res://scripts/audio/audio_director.gd:221)
         [2] _on_achievement_unlocked (res://scripts/main.gd:3858)
         [3] evaluate (res://scripts/progression/achievement_service.gd:74)
         [4] _flush_queued_evaluation (res://scripts/progression/achievement_service.gd:91)
EVER_DEEPER_HERO_STATE {"direction":"up","endless_outfit_style":"miner","endless_tool_style":"original","frame":0,"gear":"worn","hit_phase":0.36,"native_phase":0.0,"native_two_handed":true,"pickaxe_level":1,"textures_loaded":8}
EVER_DEEPER_HERO_STATE {"direction":"right","endless_outfit_style":"miner","endless_tool_style":"original","frame":0,"gear":"worn","hit_phase":0.36,"native_phase":0.0,"native_two_handed":true,"pickaxe_level":1,"textures_loaded":8}
WARNING: Trying to play stream (-9223371780935120060) as a sample (-9223372002310486538), but the driver doesn't support sample playback.
     at: start_sample_playback (servers/audio/audio_server.cpp:200)
     GDScript backtrace (most recent call first):
         [0] _play (res://scripts/audio/audio_director.gd:348)
         [1] play_discovery (res://scripts/audio/audio_director.gd:221)
         [2] _on_achievement_unlocked (res://scripts/main.gd:3858)
         [3] evaluate (res://scripts/progression/achievement_service.gd:74)
         [4] _flush_queued_evaluation (res://scripts/progression/achievement_service.gd:91)
EVER_DEEPER_HERO_STATE {"direction":"up","endless_outfit_style":"miner","endless_tool_style":"original","frame":0,"gear":"worn","hit_phase":0.36,"native_phase":0.0,"native_two_handed":true,"pickaxe_level":1,"textures_loaded":8}
EVER_DEEPER_HERO_STATE {"direction":"left","endless_outfit_style":"miner","endless_tool_style":"original","frame":0,"gear":"deepcore","hit_phase":0.2,"native_phase":0.0,"native_two_handed":true,"pickaxe_level":5,"textures_loaded":8}
WARNING: Trying to play stream (-9223371763604255319) as a sample (-9223372002310486538), but the driver doesn't support sample playback.
     at: start_sample_playback (servers/audio/audio_server.cpp:200)
     GDScript backtrace (most recent call first):
         [0] _play (res://scripts/audio/audio_director.gd:348)
         [1] play_discovery (res://scripts/audio/audio_director.gd:221)
         [2] _on_achievement_unlocked (res://scripts/main.gd:3858)
         [3] evaluate (res://scripts/progression/achievement_service.gd:74)
         [4] _flush_queued_evaluation (res://scripts/progression/achievement_service.gd:91)
EVER_DEEPER_HERO_STATE {"direction":"left","endless_outfit_style":"miner","endless_tool_style":"original","frame":0,"gear":"deepcore","hit_phase":0.2,"native_phase":0.0,"native_two_handed":true,"pickaxe_level":5,"textures_loaded":8}
EVER_DEEPER_HERO_STATE {"direction":"left","endless_outfit_style":"miner","endless_tool_style":"original","frame":0,"gear":"deepcore","hit_phase":0.2,"native_phase":0.0,"native_two_handed":true,"pickaxe_level":5,"textures_loaded":8}
EVER_DEEPER_HERO_STATE {"direction":"left","endless_outfit_style":"miner","endless_tool_style":"original","frame":0,"gear":"deepcore","hit_phase":0.2,"native_phase":0.0,"native_two_handed":true,"pickaxe_level":5,"textures_loaded":8}
EVER_DEEPER_HERO_STATE {"direction":"right","endless_outfit_style":"miner","endless_tool_style":"original","frame":0,"gear":"deepcore","hit_phase":0.2,"native_phase":0.0,"native_two_handed":true,"pickaxe_level":5,"textures_loaded":8}
EVER_DEEPER_HERO_STATE {"direction":"left","endless_outfit_style":"miner","endless_tool_style":"original","frame":0,"gear":"deepcore","hit_phase":0.2,"native_phase":0.0,"native_two_handed":true,"pickaxe_level":5,"textures_loaded":8}
EVER_DEEPER_HERO_STATE {"direction":"up","endless_outfit_style":"miner","endless_tool_style":"original","frame":0,"gear":"deepcore","hit_phase":0.2,"native_phase":0.0,"native_two_handed":true,"pickaxe_level":5,"textures_loaded":8}
EVER_DEEPER_HERO_STATE {"direction":"left","endless_outfit_style":"miner","endless_tool_style":"original","frame":0,"gear":"deepcore","hit_phase":0.2,"native_phase":0.0,"native_two_handed":true,"pickaxe_level":5,"textures_loaded":8}
EVER_DEEPER_HERO_STATE {"direction":"right","endless_outfit_style":"miner","endless_tool_style":"original","frame":1,"gear":"worn","hit_phase":0.36,"native_phase":0.0,"native_two_handed":true,"pickaxe_level":1,"textures_loaded":8}
EVER_DEEPER_HERO_STATE {"direction":"right","endless_outfit_style":"miner","endless_tool_style":"original","frame":1,"gear":"worn","hit_phase":0.36,"native_phase":0.0,"native_two_handed":true,"pickaxe_level":1,"textures_loaded":8}
EVER_DEEPER_HERO_STATE {"direction":"right","endless_outfit_style":"miner","endless_tool_style":"original","frame":1,"gear":"worn","hit_phase":0.36,"native_phase":0.0,"native_two_handed":true,"pickaxe_level":1,"textures_loaded":8}
EVER_DEEPER_HERO_STATE {"direction":"right","endless_outfit_style":"miner","endless_tool_style":"original","frame":1,"gear":"worn","hit_phase":0.36,"native_phase":0.0,"native_two_handed":true,"pickaxe_level":1,"textures_loaded":8}
EVER_DEEPER_HERO_STATE {"direction":"right","endless_outfit_style":"miner","endless_tool_style":"original","frame":1,"gear":"worn","hit_phase":0.36,"native_phase":0.0,"native_two_handed":true,"pickaxe_level":1,"textures_loaded":8}
EVER_DEEPER_HERO_STATE {"direction":"right","endless_outfit_style":"miner","endless_tool_style":"original","frame":1,"gear":"worn","hit_phase":0.36,"native_phase":0.0,"native_two_handed":true,"pickaxe_level":1,"textures_loaded":8}
EVER_DEEPER_HERO_STATE {"direction":"right","endless_outfit_style":"miner","endless_tool_style":"original","frame":1,"gear":"worn","hit_phase":0.36,"native_phase":0.0,"native_two_handed":true,"pickaxe_level":1,"textures_loaded":8}
EVER_DEEPER_HERO_STATE {"direction":"right","endless_outfit_style":"miner","endless_tool_style":"original","frame":1,"gear":"worn","hit_phase":0.36,"native_phase":0.0,"native_two_handed":true,"pickaxe_level":1,"textures_loaded":8}
EVER_DEEPER_HERO_STATE {"direction":"right","endless_outfit_style":"miner","endless_tool_style":"original","frame":1,"gear":"worn","hit_phase":0.36,"native_phase":0.0,"native_two_handed":true,"pickaxe_level":1,"textures_loaded":8}
EVER_DEEPER_HERO_STATE {"direction":"up","endless_outfit_style":"miner","endless_tool_style":"original","frame":1,"gear":"deepcore","hit_phase":0.2,"native_phase":0.0,"native_two_handed":true,"pickaxe_level":5,"textures_loaded":8}
EVER_DEEPER_HERO_STATE {"direction":"up","endless_outfit_style":"miner","endless_tool_style":"original","frame":1,"gear":"deepcore","hit_phase":0.2,"native_phase":0.0,"native_two_handed":true,"pickaxe_level":5,"textures_loaded":8}
EVER_DEEPER_HERO_STATE {"direction":"up","endless_outfit_style":"miner","endless_tool_style":"original","frame":1,"gear":"deepcore","hit_phase":0.2,"native_phase":0.0,"native_two_handed":true,"pickaxe_level":5,"textures_loaded":8}
EVER_DEEPER_HERO_STATE {"direction":"up","endless_outfit_style":"miner","endless_tool_style":"original","frame":1,"gear":"deepcore","hit_phase":0.2,"native_phase":0.0,"native_two_handed":true,"pickaxe_level":5,"textures_loaded":8}
EVER_DEEPER_HERO_STATE {"direction":"right","endless_outfit_style":"miner","endless_tool_style":"original","frame":0,"gear":"deepcore","hit_phase":0.2,"native_phase":0.0,"native_two_handed":true,"pickaxe_level":1,"textures_loaded":8}
WARNING: Trying to play stream (-9223371688257778274) as a sample (-9223372002310486538), but the driver doesn't support sample playback.
     at: start_sample_playback (servers/audio/audio_server.cpp:200)
     GDScript backtrace (most recent call first):
         [0] _play (res://scripts/audio/audio_director.gd:348)
         [1] play_discovery (res://scripts/audio/audio_director.gd:221)
         [2] _on_achievement_unlocked (res://scripts/main.gd:3858)
         [3] evaluate (res://scripts/progression/achievement_service.gd:74)
         [4] _flush_queued_evaluation (res://scripts/progression/achievement_service.gd:91)
EVER_DEEPER_HERO_STATE {"direction":"right","endless_outfit_style":"miner","endless_tool_style":"original","frame":0,"gear":"deepcore","hit_phase":0.2,"native_phase":0.0,"native_two_handed":true,"pickaxe_level":1,"textures_loaded":8}
RECOVERY_CAPTURE_OK count=31
