Godot Engine v4.7.2.stable.official.ed1daf0bf - https://godotengine.org
WARNING: Could not set V-Sync mode, as changing V-Sync mode is not supported by the graphics driver.
     at: set_use_vsync (platform/linuxbsd/x11/gl_manager_x11.cpp:372)
OpenGL API 4.5 (Core Profile) Mesa 25.2.8-0ubuntu0.24.04.2 - Compatibility - Using Device: Mesa - llvmpipe (LLVM 20.1.2, 256 bits)

WARNING: Trying to play stream (-9223371735200429721) as a sample (-9223371993250789889), but the driver doesn't support sample playback.
     at: start_sample_playback (servers/audio/audio_server.cpp:200)
     GDScript backtrace (most recent call first):
         [0] _start_music_track (res://scripts/audio/audio_director.gd:295)
         [1] _start_ambience (res://scripts/audio/audio_director.gd:286)
         [2] _play (res://scripts/audio/audio_director.gd:352)
         [3] play_ui (res://scripts/audio/audio_director.gd:204)
         [4] _open_commerce (res://scripts/main.gd:2043)
         [5] open_skills (res://scripts/companion/companion_interface.gd:102)
         [6] run (/workspace/scratch/72d2364e7fd1/ux-map-check/journal.gd:22)
WARNING: Trying to play stream (-9223371735133319423) as a sample (-9223371993368230408), but the driver doesn't support sample playback.
     at: start_sample_playback (servers/audio/audio_server.cpp:200)
     GDScript backtrace (most recent call first):
         [0] _play (res://scripts/audio/audio_director.gd:361)
         [1] play_ui (res://scripts/audio/audio_director.gd:204)
         [2] _open_commerce (res://scripts/main.gd:2043)
         [3] open_skills (res://scripts/companion/companion_interface.gd:102)
         [4] run (/workspace/scratch/72d2364e7fd1/ux-map-check/journal.gd:22)
UX_JOURNAL_RENDER_OK
