Timestamp               Ty Process[PID:TID]
2026-09-25 08:29:21.481 Df runningboardd[5540:5f5d] [com.apple.runningboard:process] [osservice<com.apple.dasd>:5564] is not RunningBoard jetsam managed.
2026-09-25 08:29:21.734 Df runningboardd[5540:58b9] [com.apple.runningboard:process] [xpcservice<com.apple.ShortcutsActions.ShortcutsTopHitsExtension([osservice<com.apple.linkd>:5762])>{vt hash: 258932905}{definition:com.apple.ShortcutsActions.ShortcutsTopHitsExtension[extension][client]}:6751] Memory Limits: active 0 inactive 0
 <RBJetsamProperties| tasklimit=0
(null)>
2026-09-25 08:29:24.134 Df runningboardd[5540:5f5c] [com.apple.runningboard:process] [osservice<com.apple.amsengagementd>:6730] is not RunningBoard jetsam managed.
2026-09-25 08:29:24.149 Df runningboardd[5540:5698] [com.apple.runningboard:process] [osservice<com.apple.amsengagementd>:6730] Ignoring jetsam update because this process is not memory-managed
2026-09-25 08:29:24.329 Df runningboardd[5540:5127] [com.apple.runningboard:process] [osservice<com.apple.appstored>:6725] is not RunningBoard jetsam managed.
2026-09-25 08:29:24.866 Df runningboardd[5540:58b9] [com.apple.runningboard:process] [xpcservice<com.apple.HostInferenceProviderService([osservice<com.apple.modelmanagerd>:5731])>{vt hash: 160224357}[uuid:72D1FAA0-8BE1-40AC-9148-BFB6B8AA47C7]{definition:com.apple.HostInferenceProviderService[extension][client]}:6776] Memory Limits: active 0 inactive 0
 <RBJetsamProperties| tasklimit=0
(null)>
2026-09-25 08:29:25.200 Df runningboardd[5540:5698] [com.apple.runningboard:process] [osservice<com.apple.appstored>:6725] Ignoring jetsam update because this process is not memory-managed
2026-09-25 08:29:25.326 Df runningboardd[5540:5698] [com.apple.runningboard:process] [osservice<com.apple.nsurlsessiond>:5617] is not RunningBoard jetsam managed.
2026-09-25 08:29:25.332 Df runningboardd[5540:5128] [com.apple.runningboard:process] [osservice<com.apple.nsurlsessiond>:5617] Ignoring jetsam update because this process is not memory-managed
2026-09-25 08:29:25.565 Df runningboardd[5540:5698] [com.apple.runningboard:process] [osservice<com.apple.itunesstored>:6749] is not RunningBoard jetsam managed.
2026-09-25 08:29:25.575 Df runningboardd[5540:5698] [com.apple.runningboard:process] [osservice<com.apple.itunesstored>:6749] Ignoring jetsam update because this process is not memory-managed
2026-09-25 08:29:26.020 Df runningboardd[5540:5128] [com.apple.runningboard:process] [osservice<com.apple.remindd>:5570] Ignoring jetsam update because this process is not memory-managed
2026-09-25 08:29:26.474 Df runningboardd[5540:617f] [com.apple.runningboard:process] [osservice<com.apple.amsaccountsd>:5573] Ignoring jetsam update because this process is not memory-managed
2026-09-25 08:29:26.476 Df runningboardd[5540:5698] [com.apple.runningboard:process] [osservice<com.apple.itunescloudd>:5799] Ignoring jetsam update because this process is not memory-managed
2026-09-25 08:29:26.476 Df runningboardd[5540:5698] [com.apple.runningboard:process] [osservice<com.apple.appstored>:6725] Ignoring jetsam update because this process is not memory-managed
2026-09-25 08:29:26.825 Df runningboardd[5540:617e] [com.apple.runningboard:process] [osservice<com.apple.gamed>:6717] is not RunningBoard jetsam managed.
2026-09-25 08:29:26.825 Df runningboardd[5540:617f] [com.apple.runningboard:process] [osservice<com.apple.itunesstored>:6749] Ignoring jetsam update because this process is not memory-managed
2026-09-25 08:29:26.829 Df runningboardd[5540:5f5c] [com.apple.runningboard:process] [osservice<com.apple.gamed>:6717] Ignoring jetsam update because this process is not memory-managed
2026-09-25 08:29:26.995 Df runningboardd[5540:58b9] [com.apple.runningboard:process] [xpcservice<com.apple.speech.MacinTalkFramework.MacinTalkAUSP([osservice<com.apple.accessibility.axassetsd>:5546])>{vt hash: 0}{definition:com.apple.speech.MacinTalkFramework.MacinTalkAUSP[extension][client]}:6809] Memory Limits: active 0 inactive 0
 <RBJetsamProperties| tasklimit=0
(null)>
2026-09-25 08:29:27.299 Df runningboardd[5540:5f5c] [com.apple.runningboard:process] [osservice<com.apple.mobileassetd>:5675] Ignoring jetsam update because this process is not memory-managed
2026-09-25 08:29:27.711 Df runningboardd[5540:5698] [com.apple.runningboard:process] [osservice<com.apple.amsengagementd>:6730] Ignoring jetsam update because this process is not memory-managed
2026-09-25 08:29:28.133 Df runningboardd[5540:5f5c] [com.apple.runningboard:process] [osservice<com.apple.amsengagementd>:6730] Ignoring jetsam update because this process is not memory-managed
2026-09-25 08:29:28.141 Df runningboardd[5540:5f5c] [com.apple.runningboard:process] [osservice<com.apple.gamed>:6717] Ignoring jetsam update because this process is not memory-managed
2026-09-25 08:29:28.142 Df runningboardd[5540:5f5c] [com.apple.runningboard:process] [osservice<com.apple.amsaccountsd>:5573] Ignoring jetsam update because this process is not memory-managed
2026-09-25 08:29:28.561 Df runningboardd[5540:5698] [com.apple.runningboard:process] [osservice<com.apple.itunesstored>:6749] Ignoring jetsam update because this process is not memory-managed
2026-09-25 08:29:28.562 Df runningboardd[5540:5698] [com.apple.runningboard:process] [osservice<com.apple.nsurlsessiond>:5617] Ignoring jetsam update because this process is not memory-managed
2026-09-25 08:29:29.494 Df runningboardd[5540:58b9] [com.apple.runningboard:process] [xpcservice<com.apple.PassbookStub.PassbookWidgets([osservice<com.apple.chronod>:5619])>{vt hash: 179224910}[uuid:5CB9B65E-5C34-4693-AAAE-6DCB2062A017]{definition:com.apple.PassbookStub.PassbookWidgets[extension][client]}:6827] Memory Limits: active 0 inactive 0
 <RBJetsamProperties| tasklimit=0
(null)>
2026-09-25 08:29:29.499 Df runningboardd[5540:617f] [com.apple.runningboard:process] [osservice<com.apple.dasd>:5564] is not RunningBoard jetsam managed.
2026-09-25 08:29:29.502 Df runningboardd[5540:617e] [com.apple.runningboard:process] [osservice<com.apple.dasd>:5564] is not RunningBoard jetsam managed.
2026-09-25 08:29:29.504 Df runningboardd[5540:617e] [com.apple.runningboard:process] [osservice<com.apple.dasd>:5564] is not RunningBoard jetsam managed.
2026-09-25 08:29:30.180 Df runningboardd[5540:5128] [com.apple.runningboard:process] [osservice<com.apple.SpringBoard>:5537] Ignoring jetsam update because this process is not memory-managed
2026-09-25 08:29:30.278 Df nanotimekitcompaniond[6698:622d] [com.apple.NanoTimeKit:DaemonActivity] begin activity 'guard-early-jetsam'
2026-09-25 08:29:31.806 Df runningboardd[5540:5f5d] [com.apple.runningboard:process] [osservice<com.apple.sharingd>:5560] is not RunningBoard jetsam managed.
2026-09-25 08:29:32.041 Df runningboardd[5540:5f5d] [com.apple.runningboard:process] [osservice<com.apple.lsd>:5608] is not RunningBoard jetsam managed.
2026-09-25 08:29:33.458 Df runningboardd[5540:5698] [com.apple.runningboard:ttl] Acquiring assertion targeting osservice<com.apple.PosterBoard> from originator [osservice<com.apple.SpringBoard>:5537] with description <RBSAssertionDescriptor| "FBApplicationProcess" ID:5540-5537-70 target:osservice<com.apple.PosterBoard> attributes:[
	<RBSDomainAttribute| domain:"com.apple.frontboard" name:"SuspendableLPRunReason-Suspend" sourceEnvironment:"(null)">,
	<RBSDomainAttribute| domain:"com.apple.frontboard" name:"SuspendableRole-NonUI" sourceEnvironment:"(null)">,
	<RBSDomainAttribute| domain:"com.apple.frontboard" name:"SuspendableJetsamPriority-Active" sourceEnvironment:"(null)">,
	<RBSDomainAttribute| domain:"com.apple.frontboard" name:"SuspendableBootstrapping" sourceEnvironment:"(null)">
	]>
2026-09-25 08:29:33.458 Df runningboardd[5540:5698] [com.apple.runningboard:ttl] setting abstract target for <RBSAssertionDescriptor| "FBApplicationProcess" ID:5540-5537-70 target:osservice<com.apple.PosterBoard> attributes:[
	<RBSDomainAttribute| domain:"com.apple.frontboard" name:"SuspendableLPRunReason-Suspend" sourceEnvironment:"(null)">,
	<RBSDomainAttribute| domain:"com.apple.frontboard" name:"SuspendableRole-NonUI" sourceEnvironment:"(null)">,
	<RBSDomainAttribute| domain:"com.apple.frontboard" name:"SuspendableJetsamPriority-Active" sourceEnvironment:"(null)">,
	<RBSDomainAttribute| domain:"com.apple.frontboard" name:"SuspendableBootstrapping" sourceEnvironment:"(null)">
	]> to [osservice<com.apple.PosterBoard>:6768]
2026-09-25 08:29:33.460 Df runningboardd[5540:5127] [com.apple.runningboard:process] [osservice<com.apple.nsurlsessiond>:5617] Ignoring jetsam update because this process is not memory-managed
2026-09-25 08:29:33.758 Df runningboardd[5540:58b9] [com.apple.runningboard:process] [xpcservice<com.apple.ax.MauiTTSSupport.MauiAUSP([osservice<com.apple.accessibility.axassetsd>:5546])>{vt hash: 0}{definition:com.apple.ax.MauiTTSSupport.MauiAUSP[extension][client]}:6838] Memory Limits: active 0 inactive 0
 <RBJetsamProperties| tasklimit=0
(null)>
2026-09-25 08:29:33.806 Df runningboardd[5540:617f] [com.apple.runningboard:process] [osservice<com.apple.sirittsd>:5758] is not RunningBoard jetsam managed.
2026-09-25 08:29:33.850 Df runningboardd[5540:5698] [com.apple.runningboard:process] [osservice<com.apple.SpringBoard>:5537] Ignoring jetsam update because this process is not memory-managed
2026-09-25 08:29:34.162 Df runningboardd[5540:5128] [com.apple.runningboard:ttl] Acquiring assertion targeting app<com.apple.chrono.WidgetRenderer-Default((null))> from originator [osservice<com.apple.SpringBoard>:5537] with description <RBSAssertionDescriptor| "FBApplicationProcess" ID:5540-5537-73 target:app<com.apple.chrono.WidgetRenderer-Default((null))> attributes:[
	<RBSDomainAttribute| domain:"com.apple.frontboard" name:"SuspendableLPRunReason-Resume" sourceEnvironment:"(null)">,
	<RBSDomainAttribute| domain:"com.apple.frontboard" name:"Visibility" sourceEnvironment:"(null)">,
	<RBSDomainAttribute| domain:"com.apple.frontboard" name:"SuspendableRole-UIFocal" sourceEnvironment:"(null)">,
	<RBSDomainAttribute| domain:"com.apple.frontboard" name:"SuspendableJetsamPriority-Foreground" sourceEnvironment:"(null)">,
	<RBSDomainAttribute| domain:"com.apple.frontboard" name:"SuspendableBootstrapping" sourceEnvironment:"(null)">
	]>
2026-09-25 08:29:34.171 Df runningboardd[5540:5698] [com.apple.runningboard:process] [osservice<com.apple.SpringBoard>:5537] Ignoring jetsam update because this process is not memory-managed
2026-09-25 08:29:35.237 Df runningboardd[5540:617f] [com.apple.runningboard:ttl] Acquiring assertion targeting app<com.apple.family((null))> from originator [osservice<com.apple.SpringBoard>:5537] with description <RBSAssertionDescriptor| "FBApplicationProcess" ID:5540-5537-76 target:app<com.apple.family((null))> attributes:[
	<RBSDomainAttribute| domain:"com.apple.frontboard" name:"SuspendableLPRunReason-Resume" sourceEnvironment:"(null)">,
	<RBSDomainAttribute| domain:"com.apple.frontboard" name:"Visibility" sourceEnvironment:"(null)">,
	<RBSDomainAttribute| domain:"com.apple.frontboard" name:"SuspendableRole-UINonFocal" sourceEnvironment:"(null)">,
	<RBSDomainAttribute| domain:"com.apple.frontboard" name:"SuspendableJetsamPriority-ForegroundSupport" sourceEnvironment:"(null)">,
	<RBSDomainAttribute| domain:"com.apple.frontboard" name:"SuspendableBootstrapping" sourceEnvironment:"(null)">
	]>
2026-09-25 08:29:35.774 Df runningboardd[5540:5128] [com.apple.runningboard:process] [osservice<com.apple.sharingd>:5560] is not RunningBoard jetsam managed.
2026-09-25 08:29:36.194 Df runningboardd[5540:5128] [com.apple.runningboard:process] [osservice<com.apple.SpringBoard>:5537] Ignoring jetsam update because this process is not memory-managed
2026-09-25 08:29:36.449 Df runningboardd[5540:5698] [com.apple.runningboard:process] [osservice<com.apple.SpringBoard>:5537] Ignoring jetsam update because this process is not memory-managed
2026-09-25 08:29:37.101 Df runningboardd[5540:617f] [com.apple.runningboard:process] [osservice<com.apple.SpringBoard>:5537] Ignoring jetsam update because this process is not memory-managed
2026-09-25 08:29:39.325 Df runningboardd[5540:617f] [com.apple.runningboard:process] [osservice<com.apple.lsd>:5608] is not RunningBoard jetsam managed.
2026-09-25 08:29:41.119 Df runningboardd[5540:617e] [com.apple.runningboard:process] [osservice<com.apple.weatherd>:6234] Ignoring jetsam update because this process is not memory-managed
2026-09-25 08:29:41.120 Df runningboardd[5540:617e] [com.apple.runningboard:process] [osservice<com.apple.akd>:5786] Ignoring jetsam update because this process is not memory-managed
2026-09-25 08:29:41.883 Df runningboardd[5540:5128] [com.apple.runningboard:process] [osservice<com.apple.SpringBoard>:5537] Ignoring jetsam update because this process is not memory-managed
2026-09-25 08:29:45.903 Df runningboardd[5540:617e] [com.apple.runningboard:process] [osservice<com.apple.nsurlsessiond>:5617] Ignoring jetsam update because this process is not memory-managed
2026-09-25 08:29:45.906 Df runningboardd[5540:617e] [com.apple.runningboard:process] [osservice<com.apple.weatherd>:6234] Ignoring jetsam update because this process is not memory-managed
2026-09-25 08:29:46.282 Df runningboardd[5540:5698] [com.apple.runningboard:process] [osservice<com.apple.CoreSimulator.bridge>:5568] is not RunningBoard jetsam managed.
2026-09-25 08:29:46.303 Df runningboardd[5540:58b9] [com.apple.runningboard:process] [xpcservice<com.apple.musicrecognition.MusicRecognitionControls([osservice<com.apple.chronod>:5619])>{vt hash: 92462948}[uuid:5CB9B65E-5C34-4693-AAAE-6DCB2062A017]{definition:com.apple.musicrecognition.MusicRecognitionControls[extension][client]}:6850] Memory Limits: active 0 inactive 0
 <RBJetsamProperties| tasklimit=0
(null)>
2026-09-25 08:29:48.017 Df runningboardd[5540:5698] [com.apple.runningboard:process] [xpcservice<com.apple.extensionkitservice([osservice<com.apple.PosterBoard>:6768])>{vt hash: 0}{definition:com.apple.extensionkitservice[standard][client]}:6870:6870] is not RunningBoard jetsam managed.
2026-09-25 08:29:48.431 Df runningboardd[5540:617e] [com.apple.runningboard:process] [osservice<com.apple.siriknowledged>:5728] is not RunningBoard jetsam managed.
2026-09-25 08:29:49.018 Df runningboardd[5540:58b9] [com.apple.runningboard:process] [xpcservice<com.apple.ax.KonaTTSSupport.KonaSynthesizer([osservice<com.apple.accessibility.axassetsd>:5546])>{vt hash: 0}{definition:com.apple.ax.KonaTTSSupport.KonaSynthesizer[extension][client]}:6861] Memory Limits: active 0 inactive 0
 <RBJetsamProperties| tasklimit=0
(null)>
2026-09-25 08:29:49.174 Df runningboardd[5540:58b9] [com.apple.runningboard:process] [app<com.apple.chrono.WidgetRenderer-Default((null))>:6873] Memory Limits: active 0 inactive 0
 <RBJetsamProperties| tasklimit=0
(null)>
2026-09-25 08:29:49.180 Df runningboardd[5540:5128] [com.apple.runningboard:ttl] Acquiring assertion targeting [app<com.apple.chrono.WidgetRenderer-Default((null))>:6873] from originator [osservice<com.apple.SpringBoard>:5537] with description <RBSAssertionDescriptor| "FBWorkspace (FV-Focal[100])" ID:5540-5537-92 target:6873 attributes:[
	<RBSDomainAttribute| domain:"com.apple.frontboard" name:"SuspendableLPRunReason-Resume" sourceEnvironment:"(null)">,
	<RBSDomainAttribute| domain:"com.apple.frontboard" name:"Visibility" sourceEnvironment:"(null)">,
	<RBSDomainAttribute| domain:"com.apple.frontboard" name:"SuspendableRole-UIFocal" sourceEnvironment:"(null)">,
	<RBSDomainAttribute| domain:"com.apple.frontboard" name:"SuspendableJetsamPriority-Foreground" sourceEnvironment:"(null)">
	]>
2026-09-25 08:29:49.194 Df runningboardd[5540:5127] [com.apple.runningboard:process] [osservice<com.apple.amsengagementd>:6730] Ignoring jetsam update because this process is not memory-managed
2026-09-25 08:29:49.348 Df runningboardd[5540:58b9] [com.apple.runningboard:process] [app<com.apple.family((null))>:6874] Memory Limits: active 0 inactive 0
 <RBJetsamProperties| tasklimit=0
(null)>
2026-09-25 08:29:49.369 Df runningboardd[5540:5127] [com.apple.runningboard:process] [osservice<com.apple.sharingd>:5560] is not RunningBoard jetsam managed.
2026-09-25 08:29:49.374 Df runningboardd[5540:617f] [com.apple.runningboard:process] [osservice<com.apple.sharingd>:5560] is not RunningBoard jetsam managed.
2026-09-25 08:29:49.375 Df runningboardd[5540:617f] [com.apple.runningboard:process] [osservice<com.apple.sharingd>:5560] is not RunningBoard jetsam managed.
2026-09-25 08:29:50.286 Df runningboardd[5540:5698] [com.apple.runningboard:process] [osservice<com.apple.chronod>:5619] Ignoring jetsam update because this process is not memory-managed
2026-09-25 08:29:50.400 Df runningboardd[5540:5698] [com.apple.runningboard:ttl] Acquiring assertion targeting [app<com.apple.family((null))>:6874] from originator [osservice<com.apple.SpringBoard>:5537] with description <RBSAssertionDescriptor| "FBWorkspace (BG-Active[40])" ID:5540-5537-104 target:6874 attributes:[
	<RBSDomainAttribute| domain:"com.apple.frontboard" name:"SuspendableLPRunReason-Suspend" sourceEnvironment:"(null)">,
	<RBSDomainAttribute| domain:"com.apple.frontboard" name:"SuspendableRole-NonUI" sourceEnvironment:"(null)">,
	<RBSDomainAttribute| domain:"com.apple.frontboard" name:"SuspendableJetsamPriority-Active" sourceEnvironment:"(null)">
	]>
2026-09-25 08:29:51.591 Df runningboardd[5540:5698] [com.apple.runningboard:process] [osservice<com.apple.calaccessd>:6811] is not RunningBoard jetsam managed.
2026-09-25 08:29:51.594 Df runningboardd[5540:5698] [com.apple.runningboard:process] [osservice<com.apple.calaccessd>:6811] is not RunningBoard jetsam managed.
2026-09-25 08:29:52.918 Df nanotimekitcompaniond[6698:62b6] [com.apple.NanoTimeKit:DaemonActivity] end activity 'guard-early-jetsam'
2026-09-25 08:29:54.434 Df runningboardd[5540:5127] [com.apple.runningboard:process] [osservice<com.apple.dmd>:6700] is not RunningBoard jetsam managed.
2026-09-25 08:29:54.905 Df runningboardd[5540:6076] [com.apple.runningboard:process] [osservice<com.apple.akd>:5786] Ignoring jetsam update because this process is not memory-managed
2026-09-25 08:29:54.922 Df runningboardd[5540:6076] [com.apple.runningboard:process] [osservice<com.apple.remindd>:5570] Ignoring jetsam update because this process is not memory-managed
2026-09-25 08:29:54.923 Df runningboardd[5540:6076] [com.apple.runningboard:process] [osservice<com.apple.weatherd>:6234] Ignoring jetsam update because this process is not memory-managed
2026-09-25 08:29:55.567 Df runningboardd[5540:6076] [com.apple.runningboard:process] [osservice<com.apple.gamed>:6717] Ignoring jetsam update because this process is not memory-managed
2026-09-25 08:29:55.599 Df runningboardd[5540:64ab] [com.apple.runningboard:process] [osservice<com.apple.passd>:5567] Ignoring jetsam update because this process is not memory-managed
2026-09-25 08:29:55.600 Df runningboardd[5540:5698] [com.apple.runningboard:process] [osservice<com.apple.remindd>:5570] Ignoring jetsam update because this process is not memory-managed
2026-09-25 08:29:55.601 Df runningboardd[5540:5698] [com.apple.runningboard:process] [osservice<com.apple.mobileassetd>:5675] Ignoring jetsam update because this process is not memory-managed
2026-09-25 08:29:55.602 Df runningboardd[5540:5698] [com.apple.runningboard:process] [osservice<com.apple.itunesstored>:6749] Ignoring jetsam update because this process is not memory-managed
2026-09-25 08:29:55.814 Df runningboardd[5540:617f] [com.apple.runningboard:process] [osservice<com.apple.fitcore>:5800] Ignoring jetsam update because this process is not memory-managed
2026-09-25 08:29:55.887 Df runningboardd[5540:5128] [com.apple.runningboard:process] [osservice<com.apple.email.maild>:5802] Ignoring jetsam update because this process is not memory-managed
2026-09-25 08:29:55.889 Df runningboardd[5540:5127] [com.apple.runningboard:process] [osservice<com.apple.mobileassetd>:5675] Ignoring jetsam update because this process is not memory-managed
2026-09-25 08:29:56.452 Df runningboardd[5540:6076] [com.apple.runningboard:process] [osservice<com.apple.fitcore>:5800] Ignoring jetsam update because this process is not memory-managed
2026-09-25 08:29:56.453 Df runningboardd[5540:6076] [com.apple.runningboard:process] [osservice<com.apple.mobileassetd>:5675] Ignoring jetsam update because this process is not memory-managed
2026-09-25 08:29:56.453 Df runningboardd[5540:6076] [com.apple.runningboard:process] [osservice<com.apple.amsengagementd>:6730] Ignoring jetsam update because this process is not memory-managed
2026-09-25 08:29:56.453 Df runningboardd[5540:5128] [com.apple.runningboard:process] [osservice<com.apple.mobileassetd>:5675] Ignoring jetsam update because this process is not memory-managed
2026-09-25 08:29:56.694 Df runningboardd[5540:5127] [com.apple.runningboard:process] [osservice<com.apple.fitcore>:5800] Ignoring jetsam update because this process is not memory-managed
2026-09-25 08:29:57.260 Df runningboardd[5540:5127] [com.apple.runningboard:process] [osservice<com.apple.passd>:5567] Ignoring jetsam update because this process is not memory-managed
2026-09-25 08:29:57.261 Df runningboardd[5540:5127] [com.apple.runningboard:process] [osservice<com.apple.gamed>:6717] Ignoring jetsam update because this process is not memory-managed
2026-09-25 08:29:57.263 Df runningboardd[5540:5127] [com.apple.runningboard:process] [osservice<com.apple.remindd>:5570] Ignoring jetsam update because this process is not memory-managed
2026-09-25 08:29:57.936 Df runningboardd[5540:5127] [com.apple.runningboard:process] [osservice<com.apple.appstored>:6725] Ignoring jetsam update because this process is not memory-managed
2026-09-25 08:29:58.652 Df runningboardd[5540:5698] [com.apple.runningboard:process] [osservice<com.apple.mobileassetd>:5675] Ignoring jetsam update because this process is not memory-managed
2026-09-25 08:30:01.395 Df runningboardd[5540:64ab] [com.apple.runningboard:process] [osservice<com.apple.email.maild>:5802] Ignoring jetsam update because this process is not memory-managed
2026-09-25 08:30:01.481 Df runningboardd[5540:617f] [com.apple.runningboard:process] [osservice<com.apple.jetpackassetd>:7105] is not RunningBoard jetsam managed.
2026-09-25 08:30:01.489 Df runningboardd[5540:64ab] [com.apple.runningboard:process] [osservice<com.apple.itunesstored>:6749] Ignoring jetsam update because this process is not memory-managed
2026-09-25 08:30:01.490 Df runningboardd[5540:64ab] [com.apple.runningboard:process] [osservice<com.apple.chronod>:5619] Ignoring jetsam update because this process is not memory-managed
2026-09-25 08:30:01.494 Df runningboardd[5540:5698] [com.apple.runningboard:process] [osservice<com.apple.jetpackassetd>:7105] Ignoring jetsam update because this process is not memory-managed
2026-09-25 08:30:02.116 Df runningboardd[5540:5698] [com.apple.runningboard:process] [osservice<com.apple.appstored>:6725] Ignoring jetsam update because this process is not memory-managed
2026-09-25 08:30:02.118 Df runningboardd[5540:64ab] [com.apple.runningboard:process] [osservice<com.apple.jetpackassetd>:7105] Ignoring jetsam update because this process is not memory-managed
2026-09-25 08:30:02.170 Df runningboardd[5540:513f] [com.apple.runningboard:process] [osservice<com.apple.mobileassetd>:5675] Ignoring jetsam update because this process is not memory-managed
2026-09-25 08:30:02.637 Df runningboardd[5540:5128] [com.apple.runningboard:process] [osservice<com.apple.email.maild>:5802] Ignoring jetsam update because this process is not memory-managed
2026-09-25 08:30:05.429 Df runningboardd[5540:64ab] [com.apple.runningboard:process] [osservice<com.apple.email.maild>:5802] Ignoring jetsam update because this process is not memory-managed
2026-09-25 08:30:05.740 Df runningboardd[5540:5128] [com.apple.runningboard:process] [xpcservice<com.apple.WorkflowKit.BackgroundShortcutRunner([osservice<com.apple.siriactionsd>:5635])>{vt hash: 0}[uuid:8AD9ABAA-0CE3-4210-94C8-3FEF18D8AB8E]{definition:com.apple.WorkflowKit.BackgroundShortcutRunner[standard][client]}:7115:7115] is not RunningBoard jetsam managed.
2026-09-25 08:30:05.741 Df runningboardd[5540:617f] [com.apple.runningboard:process] [osservice<com.apple.email.maild>:5802] Ignoring jetsam update because this process is not memory-managed
2026-09-25 08:30:05.743 Df runningboardd[5540:617f] [com.apple.runningboard:process] [osservice<com.apple.mobileassetd>:5675] Ignoring jetsam update because this process is not memory-managed
2026-09-25 08:30:29.638 Df runningboardd[5540:5127] [com.apple.runningboard:process] [osservice<com.apple.healthd>:5547] is not RunningBoard jetsam managed.
2026-09-25 08:30:30.412 Df runningboardd[5540:68cf] [com.apple.runningboard:process] [osservice<com.apple.chronod>:5619] Ignoring jetsam update because this process is not memory-managed
2026-09-25 08:30:30.412 Df runningboardd[5540:68cf] [com.apple.runningboard:process] [osservice<com.apple.email.maild>:5802] Ignoring jetsam update because this process is not memory-managed
2026-09-25 08:30:32.161 Df runningboardd[5540:6871] [com.apple.runningboard:process] [osservice<com.apple.email.maild>:5802] Ignoring jetsam update because this process is not memory-managed
2026-09-25 08:30:32.163 Df runningboardd[5540:5127] [com.apple.runningboard:process] [osservice<com.apple.jetpackassetd>:7105] Ignoring jetsam update because this process is not memory-managed
2026-09-25 08:30:33.733 Df runningboardd[5540:68e7] [com.apple.runningboard:process] [osservice<com.apple.fitcore>:5800] Ignoring jetsam update because this process is not memory-managed
2026-09-25 08:30:33.734 Df runningboardd[5540:68e6] [com.apple.runningboard:process] [osservice<com.apple.jetpackassetd>:7105] Ignoring jetsam update because this process is not memory-managed
2026-09-25 08:30:33.789 Df runningboardd[5540:5698] [com.apple.runningboard:process] [osservice<com.apple.jetpackassetd>:7105] Ignoring jetsam update because this process is not memory-managed
2026-09-25 08:30:34.059 Df runningboardd[5540:5698] [com.apple.runningboard:process] [osservice<com.apple.amsengagementd>:6730] Ignoring jetsam update because this process is not memory-managed
2026-09-25 08:30:34.459 Df runningboardd[5540:68e6] [com.apple.runningboard:process] [osservice<com.apple.email.maild>:5802] Ignoring jetsam update because this process is not memory-managed
2026-09-25 08:30:34.459 Df runningboardd[5540:68e6] [com.apple.runningboard:process] [osservice<com.apple.jetpackassetd>:7105] Ignoring jetsam update because this process is not memory-managed
2026-09-25 08:30:34.460 Df runningboardd[5540:68e6] [com.apple.runningboard:process] [osservice<com.apple.nsurlsessiond>:5617] Ignoring jetsam update because this process is not memory-managed
2026-09-25 08:30:35.322 Df runningboardd[5540:68cf] [com.apple.runningboard:process] [osservice<com.apple.amsengagementd>:6730] Ignoring jetsam update because this process is not memory-managed
2026-09-25 08:30:35.436 Df runningboardd[5540:68e7] [com.apple.runningboard:process] [osservice<com.apple.amsengagementd>:6730] Ignoring jetsam update because this process is not memory-managed
2026-09-25 08:30:35.741 Df runningboardd[5540:5127] [com.apple.runningboard:process] [osservice<com.apple.nsurlsessiond>:5617] Ignoring jetsam update because this process is not memory-managed
2026-09-25 08:30:35.885 Df runningboardd[5540:68cf] [com.apple.runningboard:process] [osservice<com.apple.nsurlsessiond>:5617] Ignoring jetsam update because this process is not memory-managed
2026-09-25 08:30:36.466 Df runningboardd[5540:5127] [com.apple.runningboard:process] [osservice<com.apple.amsengagementd>:6730] Ignoring jetsam update because this process is not memory-managed
2026-09-25 08:30:36.582 Df runningboardd[5540:68cf] [com.apple.runningboard:process] [osservice<com.apple.amsengagementd>:6730] Ignoring jetsam update because this process is not memory-managed
2026-09-25 08:30:37.134 Df runningboardd[5540:6871] [com.apple.runningboard:process] [osservice<com.apple.nsurlsessiond>:5617] Ignoring jetsam update because this process is not memory-managed
2026-09-25 08:30:37.581 Df runningboardd[5540:6871] [com.apple.runningboard:process] [osservice<com.apple.amsengagementd>:6730] Ignoring jetsam update because this process is not memory-managed
2026-09-25 08:30:38.271 Df runningboardd[5540:5127] [com.apple.runningboard:process] [osservice<com.apple.amsengagementd>:6730] Ignoring jetsam update because this process is not memory-managed
2026-09-25 08:30:39.374 Df runningboardd[5540:5127] [com.apple.runningboard:process] [osservice<com.apple.amsengagementd>:6730] Ignoring jetsam update because this process is not memory-managed
2026-09-25 08:30:39.541 Df runningboardd[5540:6871] [com.apple.runningboard:process] [osservice<com.apple.amsengagementd>:6730] Ignoring jetsam update because this process is not memory-managed
2026-09-25 08:30:40.418 Df runningboardd[5540:5127] [com.apple.runningboard:process] [osservice<com.apple.amsengagementd>:6730] Ignoring jetsam update because this process is not memory-managed
2026-09-25 08:30:40.598 Df runningboardd[5540:68cf] [com.apple.runningboard:process] [osservice<com.apple.amsengagementd>:6730] Ignoring jetsam update because this process is not memory-managed
2026-09-25 08:30:41.704 Df runningboardd[5540:6871] [com.apple.runningboard:process] [osservice<com.apple.amsengagementd>:6730] Ignoring jetsam update because this process is not memory-managed
2026-09-25 08:30:41.765 Df runningboardd[5540:68e7] [com.apple.runningboard:process] [osservice<com.apple.amsengagementd>:6730] Ignoring jetsam update because this process is not memory-managed
2026-09-25 08:30:42.949 Df runningboardd[5540:6871] [com.apple.runningboard:process] [osservice<com.apple.amsengagementd>:6730] Ignoring jetsam update because this process is not memory-managed
2026-09-25 08:30:43.036 Df runningboardd[5540:68e7] [com.apple.runningboard:process] [osservice<com.apple.amsengagementd>:6730] Ignoring jetsam update because this process is not memory-managed
2026-09-25 08:30:44.036 Df runningboardd[5540:68e7] [com.apple.runningboard:process] [osservice<com.apple.amsengagementd>:6730] Ignoring jetsam update because this process is not memory-managed
2026-09-25 08:30:44.166 Df runningboardd[5540:5127] [com.apple.runningboard:process] [osservice<com.apple.amsengagementd>:6730] Ignoring jetsam update because this process is not memory-managed
2026-09-25 08:30:45.298 Df runningboardd[5540:68e7] [com.apple.runningboard:process] [osservice<com.apple.amsengagementd>:6730] Ignoring jetsam update because this process is not memory-managed
2026-09-25 08:30:49.400 Df runningboardd[5540:6871] [com.apple.runningboard:process] [osservice<com.apple.amsengagementd>:6730] Ignoring jetsam update because this process is not memory-managed
2026-09-25 08:30:50.571 Df runningboardd[5540:5127] [com.apple.runningboard:process] [osservice<com.apple.amsengagementd>:6730] Ignoring jetsam update because this process is not memory-managed
2026-09-25 08:30:50.771 Df runningboardd[5540:5127] [com.apple.runningboard:process] [osservice<com.apple.amsengagementd>:6730] Ignoring jetsam update because this process is not memory-managed
2026-09-25 08:30:51.707 Df runningboardd[5540:6871] [com.apple.runningboard:process] [osservice<com.apple.amsengagementd>:6730] Ignoring jetsam update because this process is not memory-managed
2026-09-25 08:30:51.833 Df runningboardd[5540:5127] [com.apple.runningboard:process] [osservice<com.apple.amsengagementd>:6730] Ignoring jetsam update because this process is not memory-managed
2026-09-25 08:30:52.828 Df runningboardd[5540:6871] [com.apple.runningboard:process] [osservice<com.apple.amsengagementd>:6730] Ignoring jetsam update because this process is not memory-managed
2026-09-25 08:30:53.043 Df runningboardd[5540:68e7] [com.apple.runningboard:process] [osservice<com.apple.amsengagementd>:6730] Ignoring jetsam update because this process is not memory-managed
2026-09-25 08:30:53.857 Df runningboardd[5540:5127] [com.apple.runningboard:process] [osservice<com.apple.amsengagementd>:6730] Ignoring jetsam update because this process is not memory-managed
2026-09-25 08:30:54.077 Df runningboardd[5540:6871] [com.apple.runningboard:process] [osservice<com.apple.amsengagementd>:6730] Ignoring jetsam update because this process is not memory-managed
2026-09-25 08:30:54.972 Df runningboardd[5540:68e7] [com.apple.runningboard:process] [osservice<com.apple.amsengagementd>:6730] Ignoring jetsam update because this process is not memory-managed
2026-09-25 08:30:55.417 Df runningboardd[5540:5127] [com.apple.runningboard:process] [osservice<com.apple.amsengagementd>:6730] Ignoring jetsam update because this process is not memory-managed
2026-09-25 08:30:56.006 Df runningboardd[5540:6871] [com.apple.runningboard:process] [osservice<com.apple.amsengagementd>:6730] Ignoring jetsam update because this process is not memory-managed
2026-09-25 08:30:56.488 Df runningboardd[5540:6871] [com.apple.runningboard:process] [osservice<com.apple.amsengagementd>:6730] Ignoring jetsam update because this process is not memory-managed
2026-09-25 08:30:57.128 Df runningboardd[5540:5127] [com.apple.runningboard:process] [osservice<com.apple.amsengagementd>:6730] Ignoring jetsam update because this process is not memory-managed
2026-09-25 08:30:57.359 Df runningboardd[5540:5127] [com.apple.runningboard:process] [osservice<com.apple.amsengagementd>:6730] Ignoring jetsam update because this process is not memory-managed
2026-09-25 08:30:58.359 Df runningboardd[5540:6871] [com.apple.runningboard:process] [osservice<com.apple.amsengagementd>:6730] Ignoring jetsam update because this process is not memory-managed
2026-09-25 08:30:58.533 Df runningboardd[5540:6871] [com.apple.runningboard:process] [osservice<com.apple.amsengagementd>:6730] Ignoring jetsam update because this process is not memory-managed
2026-09-25 08:30:59.927 Df runningboardd[5540:5127] [com.apple.runningboard:process] [osservice<com.apple.amsengagementd>:6730] Ignoring jetsam update because this process is not memory-managed
2026-09-25 08:30:59.961 Df runningboardd[5540:5127] [com.apple.runningboard:process] [osservice<com.apple.amsengagementd>:6730] Ignoring jetsam update because this process is not memory-managed
2026-09-25 08:31:01.522 Df runningboardd[5540:6953] [com.apple.runningboard:process] [osservice<com.apple.amsengagementd>:6730] Ignoring jetsam update because this process is not memory-managed
2026-09-25 08:31:01.523 Df runningboardd[5540:5127] [com.apple.runningboard:process] [osservice<com.apple.amsengagementd>:6730] Ignoring jetsam update because this process is not memory-managed
2026-09-25 08:31:02.723 Df runningboardd[5540:6953] [com.apple.runningboard:process] [osservice<com.apple.amsengagementd>:6730] Ignoring jetsam update because this process is not memory-managed
2026-09-25 08:31:02.913 Df runningboardd[5540:68e7] [com.apple.runningboard:process] [osservice<com.apple.amsengagementd>:6730] Ignoring jetsam update because this process is not memory-managed
2026-09-25 08:31:03.872 Df runningboardd[5540:5127] [com.apple.runningboard:process] [osservice<com.apple.amsengagementd>:6730] Ignoring jetsam update because this process is not memory-managed
2026-09-25 08:31:04.036 Df runningboardd[5540:6953] [com.apple.runningboard:process] [osservice<com.apple.amsengagementd>:6730] Ignoring jetsam update because this process is not memory-managed
2026-09-25 08:31:04.916 Df runningboardd[5540:68e7] [com.apple.runningboard:process] [osservice<com.apple.amsengagementd>:6730] Ignoring jetsam update because this process is not memory-managed
2026-09-25 08:31:04.934 Df runningboardd[5540:6953] [com.apple.runningboard:process] [osservice<com.apple.amsengagementd>:6730] Ignoring jetsam update because this process is not memory-managed
2026-09-25 08:31:04.958 Df runningboardd[5540:68e7] [com.apple.runningboard:process] [osservice<com.apple.amsengagementd>:6730] Ignoring jetsam update because this process is not memory-managed
2026-09-25 08:31:04.984 Df runningboardd[5540:5127] [com.apple.runningboard:process] [osservice<com.apple.amsengagementd>:6730] Ignoring jetsam update because this process is not memory-managed
2026-09-25 08:31:05.077 Df runningboardd[5540:6953] [com.apple.runningboard:process] [osservice<com.apple.amsengagementd>:6730] Ignoring jetsam update because this process is not memory-managed
2026-09-25 08:31:05.093 Df runningboardd[5540:68e7] [com.apple.runningboard:process] [osservice<com.apple.amsengagementd>:6730] Ignoring jetsam update because this process is not memory-managed
2026-09-25 08:31:05.115 Df runningboardd[5540:68e7] [com.apple.runningboard:process] [osservice<com.apple.amsengagementd>:6730] Ignoring jetsam update because this process is not memory-managed
2026-09-25 08:31:05.139 Df runningboardd[5540:6953] [com.apple.runningboard:process] [osservice<com.apple.amsengagementd>:6730] Ignoring jetsam update because this process is not memory-managed
2026-09-25 08:31:05.206 Df runningboardd[5540:68e7] [com.apple.runningboard:process] [osservice<com.apple.amsengagementd>:6730] Ignoring jetsam update because this process is not memory-managed
2026-09-25 08:31:06.248 Df runningboardd[5540:6871] [com.apple.runningboard:process] [osservice<com.apple.amsengagementd>:6730] Ignoring jetsam update because this process is not memory-managed
2026-09-25 08:31:06.555 Df runningboardd[5540:68e7] [com.apple.runningboard:process] [osservice<com.apple.amsengagementd>:6730] Ignoring jetsam update because this process is not memory-managed
2026-09-25 08:31:07.514 Df runningboardd[5540:6953] [com.apple.runningboard:process] [osservice<com.apple.amsengagementd>:6730] Ignoring jetsam update because this process is not memory-managed
2026-09-25 08:31:17.643 Df runningboardd[5540:7b23] [com.apple.runningboard:process] [osservice<com.apple.nsurlsessiond>:5617] Ignoring jetsam update because this process is not memory-managed
2026-09-25 08:31:18.737 Df runningboardd[5540:68e7] [com.apple.runningboard:process] [osservice<com.apple.nsurlsessiond>:5617] Ignoring jetsam update because this process is not memory-managed
2026-09-25 08:31:18.864 Df runningboardd[5540:7b22] [com.apple.runningboard:process] [osservice<com.apple.nsurlsessiond>:5617] Ignoring jetsam update because this process is not memory-managed
2026-09-25 08:31:20.299 Df runningboardd[5540:7b22] [com.apple.runningboard:process] [osservice<com.apple.nsurlsessiond>:5617] Ignoring jetsam update because this process is not memory-managed
2026-09-25 08:31:20.302 Df runningboardd[5540:7b25] [com.apple.runningboard:process] [osservice<com.apple.nsurlsessiond>:5617] Ignoring jetsam update because this process is not memory-managed
2026-09-25 08:31:21.579 Df runningboardd[5540:7b25] [com.apple.runningboard:process] [osservice<com.apple.nsurlsessiond>:5617] Ignoring jetsam update because this process is not memory-managed
2026-09-25 08:31:25.022 Df runningboardd[5540:7b24] [com.apple.runningboard:process] [osservice<com.apple.nsurlsessiond>:5617] Ignoring jetsam update because this process is not memory-managed
2026-09-25 08:31:26.299 Df runningboardd[5540:7b25] [com.apple.runningboard:process] [osservice<com.apple.nsurlsessiond>:5617] Ignoring jetsam update because this process is not memory-managed
2026-09-25 08:31:35.296 Df runningboardd[5540:7f99] [com.apple.runningboard:process] [osservice<com.apple.amsengagementd>:6730] Ignoring jetsam update because this process is not memory-managed
2026-09-25 08:31:36.556 Df runningboardd[5540:7f9b] [com.apple.runningboard:process] [osservice<com.apple.amsengagementd>:6730] Ignoring jetsam update because this process is not memory-managed
2026-09-25 08:31:38.048 Df runningboardd[5540:7f9b] [com.apple.runningboard:process] [osservice<com.apple.amsengagementd>:6730] Ignoring jetsam update because this process is not memory-managed
2026-09-25 08:31:39.340 Df runningboardd[5540:7f98] [com.apple.runningboard:process] [osservice<com.apple.amsengagementd>:6730] Ignoring jetsam update because this process is not memory-managed
2026-09-25 08:31:39.468 Df runningboardd[5540:7b22] [com.apple.runningboard:process] [osservice<com.apple.amsengagementd>:6730] Ignoring jetsam update because this process is not memory-managed
2026-09-25 08:31:40.768 Df runningboardd[5540:7f9b] [com.apple.runningboard:process] [osservice<com.apple.amsengagementd>:6730] Ignoring jetsam update because this process is not memory-managed
2026-09-25 08:31:41.041 Df runningboardd[5540:7f9b] [com.apple.runningboard:process] [xpcservice<com.apple.extensionkitservice([osservice<com.apple.amsengagementd>:6730])>{vt hash: 0}{definition:com.apple.extensionkitservice[standard][client]}:9684:9684] is not RunningBoard jetsam managed.
2026-09-25 08:32:03.360 Df runningboardd[5540:7f9a] [com.apple.runningboard:process] [osservice<com.apple.translationd>:7169] is not RunningBoard jetsam managed.
2026-09-25 08:32:04.199 Df runningboardd[5540:7f98] [com.apple.runningboard:process] [osservice<com.apple.translationd>:7169] Ignoring jetsam update because this process is not memory-managed
2026-09-25 08:32:06.208 Df runningboardd[5540:89fa] [com.apple.runningboard:process] [osservice<com.apple.searchd>:5778] is not RunningBoard jetsam managed.
2026-09-25 08:32:06.520 Df runningboardd[5540:7f9a] [com.apple.runningboard:process] [osservice<com.apple.dataaccess.dataaccessd>:5727] Ignoring jetsam update because this process is not memory-managed
2026-09-25 08:32:08.925 Df runningboardd[5540:89fa] [com.apple.runningboard:process] [osservice<com.apple.medialibraryd>:6826] is not RunningBoard jetsam managed.
2026-09-25 08:32:34.761 Df runningboardd[5540:7f9c] [com.apple.runningboard:process] [osservice<com.apple.dataaccess.dataaccessd>:5727] Ignoring jetsam update because this process is not memory-managed
2026-09-25 08:32:35.677 Df runningboardd[5540:94b8] [com.apple.runningboard:process] [osservice<com.apple.translationd>:7169] Ignoring jetsam update because this process is not memory-managed
2026-09-25 08:32:39.475 Df runningboardd[5540:94b8] [com.apple.runningboard:process] [osservice<com.apple.assistantd>:5539] Ignoring jetsam update because this process is not memory-managed
2026-09-25 08:32:40.246 Df runningboardd[5540:94b7] [com.apple.runningboard:process] [osservice<com.apple.dataaccess.dataaccessd>:5727] Ignoring jetsam update because this process is not memory-managed
2026-09-25 08:32:41.774 Df runningboardd[5540:9401] [com.apple.runningboard:process] [osservice<com.apple.dataaccess.dataaccessd>:5727] Ignoring jetsam update because this process is not memory-managed
2026-09-25 08:32:42.111 Df runningboardd[5540:94b9] [com.apple.runningboard:process] [osservice<com.apple.translationd>:7169] Ignoring jetsam update because this process is not memory-managed
2026-09-25 08:32:42.297 Df runningboardd[5540:94b9] [com.apple.runningboard:process] [osservice<com.apple.healthd>:5547] is not RunningBoard jetsam managed.
2026-09-25 08:32:43.564 Df runningboardd[5540:94b9] [com.apple.runningboard:process] [osservice<com.apple.dataaccess.dataaccessd>:5727] Ignoring jetsam update because this process is not memory-managed
2026-09-25 08:32:49.289 Df runningboardd[5540:a0c8] [com.apple.runningboard:process] [osservice<com.apple.translationd>:7169] Ignoring jetsam update because this process is not memory-managed
2026-09-25 08:32:49.387 Df runningboardd[5540:a0c8] [com.apple.runningboard:process] [osservice<com.apple.translationd>:7169] Ignoring jetsam update because this process is not memory-managed
2026-09-25 08:32:49.545 Df runningboardd[5540:94b8] [com.apple.runningboard:process] [osservice<com.apple.assistantd>:5539] Ignoring jetsam update because this process is not memory-managed
2026-09-25 08:32:56.919 Df runningboardd[5540:a190] [com.apple.runningboard:process] [osservice<com.apple.nsurlsessiond>:5617] Ignoring jetsam update because this process is not memory-managed
2026-09-25 08:32:57.079 Df runningboardd[5540:a18e] [com.apple.runningboard:process] [osservice<com.apple.mobileassetd>:5675] Ignoring jetsam update because this process is not memory-managed
2026-09-25 08:32:57.657 Df runningboardd[5540:a0c9] [com.apple.runningboard:process] [osservice<com.apple.translationd>:7169] Ignoring jetsam update because this process is not memory-managed
2026-09-25 08:32:58.197 Df runningboardd[5540:a18f] [com.apple.runningboard:process] [osservice<com.apple.nsurlsessiond>:5617] Ignoring jetsam update because this process is not memory-managed
2026-09-25 08:33:43.599 Df runningboardd[5540:a191] [com.apple.runningboard:process] [osservice<com.apple.weatherd>:6234] Ignoring jetsam update because this process is not memory-managed
2026-09-25 08:33:53.793 Df runningboardd[5540:a191] [com.apple.runningboard:process] [osservice<com.apple.mobileassetd>:5675] Ignoring jetsam update because this process is not memory-managed
2026-09-25 08:34:20.658 Df runningboardd[5540:b427] [com.apple.runningboard:process] [osservice<com.apple.weatherd>:6234] Ignoring jetsam update because this process is not memory-managed
2026-09-25 08:34:21.901 Df runningboardd[5540:a191] [com.apple.runningboard:process] [osservice<com.apple.weatherd>:6234] Ignoring jetsam update because this process is not memory-managed
2026-09-25 08:34:23.631 Df runningboardd[5540:c204] [com.apple.runningboard:process] [osservice<com.apple.weatherd>:6234] Ignoring jetsam update because this process is not memory-managed
2026-09-25 08:34:23.731 Df runningboardd[5540:c204] [com.apple.runningboard:process] [osservice<com.apple.weatherd>:6234] Ignoring jetsam update because this process is not memory-managed
2026-09-25 08:34:43.664 Df runningboardd[5540:ce66] [com.apple.runningboard:process] [osservice<com.apple.weatherd>:6234] Ignoring jetsam update because this process is not memory-managed
2026-09-25 08:34:43.918 Df runningboardd[5540:ce66] [com.apple.runningboard:process] [osservice<com.apple.homeeventsd>:5712] is not RunningBoard jetsam managed.
2026-09-25 08:34:54.399 Df runningboardd[5540:ce72] [com.apple.runningboard:process] [osservice<com.apple.assistantd>:5539] Ignoring jetsam update because this process is not memory-managed
2026-09-25 08:35:20.315 Df log[20196:0] [com.apple.log:] log run noninteractively, parent: 5532 (launchd_sim), args: 'log' 'show' '--last' '6m' '--style' 'compact' '--predicate' 'process CONTAINS "WebKit" OR eventMessage CONTAINS[c] "jetsam" OR eventMessage CONTAINS[c] "GPU process"'
